../Core/Src/main.c:87:6:HAL_TIM_PeriodElapsedCallback	16	static
../Core/Src/main.c:99:6:HAL_I2S_RxCpltCallback	24	static
../Core/Src/main.c:109:7:ICS43434_FFT	4168	static
../Core/Src/main.c:182:5:main	16	static
../Core/Src/main.c:280:6:SystemClock_Config	88	static
../Core/Src/main.c:326:13:MX_I2S3_Init	8	static
../Core/Src/main.c:360:13:MX_SPI1_Init	8	static
../Core/Src/main.c:398:13:MX_SPI2_Init	8	static
../Core/Src/main.c:436:13:MX_TIM3_Init	32	static
../Core/Src/main.c:479:13:MX_DMA_Init	16	static
../Core/Src/main.c:497:13:MX_GPIO_Init	48	static
../Core/Src/main.c:553:6:Error_Handler	4	static,ignoring_inline_asm
